I'm sorry, but errors were detected in your script. Please correct the
errors listed below, and try again.


File "game/script.rpy", line 125: expected statement.
    text inputLine
                  ^

Ren'Py Version: Ren'Py 8.3.7.25031702
Wed May 14 14:09:34 2025
